TSLAUSDT  bitget   bars= 2600 fund= 100
TSLAUSDT  binance  bars= 2520 fund= 703
TSLAUSDT  bybit    bars= 3000 fund=   0
AAPLUSDT  bitget   bars= 2600 fund= 100
AAPLUSDT  binance  bars= 2520 fund= 524
AAPLUSDT  bybit    bars= 3000 fund=   0
NVDAUSDT  bitget   bars= 2600 fund= 100
NVDAUSDT  binance  bars= 2520 fund= 538
NVDAUSDT  bybit    bars= 3000 fund=   0
MSFTUSDT  bitget   bars= 2600 fund= 100
MSFTUSDT  binance  bars= 2520 fund= 482
MSFTUSDT  bybit    bars= 3000 fund=   0
GOOGLUSDT bitget   bars= 2600 fund= 100
GOOGLUSDT binance  bars= 2520 fund= 538
GOOGLUSDT bybit    bars= 3000 fund=   0
AMZNUSDT  bitget   bars= 2600 fund= 100
AMZNUSDT  binance  bars= 2520 fund= 664
AMZNUSDT  bybit    bars= 3000 fund=   0
METAUSDT  bitget   bars= 2600 fund= 100
METAUSDT  binance  bars= 2520 fund= 533
METAUSDT  bybit    bars= 3000 fund=   0
SPYUSDT   bitget   bars= 2600 fund= 100
SPYUSDT   binance  bars= 2520 fund= 506
SPYUSDT   bybit    bars= 2986 fund=   0
QQQUSDT   bitget   bars= 2600 fund= 100
QQQUSDT   binance  bars= 2520 fund= 506
QQQUSDT   bybit    bars= 3000 fund=   0
COINUSDT  bitget   bars= 2600 fund= 100
COINUSDT  binance  bars= 2520 fund= 664
COINUSDT  bybit    bars= 3000 fund=   0
MSTRUSDT  bitget   bars= 2600 fund= 100
MSTRUSDT  binance  bars= 2520 fund= 664
MSTRUSDT  bybit    bars= 3000 fund=   0
HOODUSDT  bitget   bars= 2600 fund= 100
HOODUSDT  binance  bars= 2520 fund= 677
HOODUSDT  bybit    bars= 3000 fund=   0
CRCLUSDT  bitget   bars= 2600 fund= 100
CRCLUSDT  binance  bars= 2520 fund= 664
CRCLUSDT  bybit    bars= 3000 fund=   0
saved D:\wk-probes\venue_index.json 2.8 MB
